// Jest Snapshot v1, https://goo.gl/fbAQLP

exports[`Menu Item Component should render correctly 1`] = `
<View
  accessible={true}
  focusable={true}
  onClick={[Function]}
  onResponderGrant={[Function]}
  onResponderMove={[Function]}
  onResponderRelease={[Function]}
  onResponderTerminate={[Function]}
  onResponderTerminationRequest={[Function]}
  onStartShouldSetResponder={[Function]}
  style={
    Object {
      "flexDirection": "row",
      "marginVertical": 5,
      "padding": 5,
    }
  }
>
  <View
    style={
      Object {
        "alignItems": "flex-start",
        "flex": 1,
        "flexDirection": "row",
      }
    }
  >
    <Image
      source={1}
      style={
        Object {
          "height": 25,
          "width": 25,
        }
      }
    />
    <Text
      style={
        Object {
          "fontSize": 16,
          "marginLeft": 10,
          "marginTop": 2,
        }
      }
    >
      Home
    </Text>
  </View>
</View>
`;
