// Jest Snapshot v1, https://goo.gl/fbAQLP

exports[`Back Button Component should render correctly 1`] = `
<View
  accessible={true}
  focusable={true}
  onClick={[Function]}
  onResponderGrant={[Function]}
  onResponderMove={[Function]}
  onResponderRelease={[Function]}
  onResponderTerminate={[Function]}
  onResponderTerminationRequest={[Function]}
  onStartShouldSetResponder={[Function]}
  style={
    Object {
      "alignItems": "center",
      "backgroundColor": "#fff",
      "borderRadius": 180,
      "elevation": 3,
      "flex": 1,
      "margin": 10,
      "padding": 8,
      "shadowColor": "#000",
      "shadowOffset": Object {
        "height": 2,
        "width": 0,
      },
      "shadowOpacity": 0.25,
      "shadowRadius": 3.84,
    }
  }
>
  <Image
    source={1}
    style={
      Object {
        "height": 17,
        "width": 17,
      }
    }
  />
</View>
`;
