// Jest Snapshot v1, https://goo.gl/fbAQLP

exports[`Address Screen Component should render correctly 1`] = `
<View
  style={
    Object {
      "backgroundColor": "white",
      "flex": 1,
    }
  }
>
  <RCTScrollView
    ItemSeparatorComponent={[Function]}
    ListFooterComponent={[Function]}
    data={
      Array [
        Object {
          "address": "448 TNV",
          "id": 0,
          "type": "Home",
        },
        Object {
          "address": "604 NT",
          "id": 1,
          "type": "Work",
        },
      ]
    }
    disableVirtualization={false}
    getItem={[Function]}
    getItemCount={[Function]}
    horizontal={false}
    initialNumToRender={10}
    keyExtractor={[Function]}
    maxToRenderPerBatch={10}
    onContentSizeChange={[Function]}
    onEndReachedThreshold={2}
    onLayout={[Function]}
    onMomentumScrollEnd={[Function]}
    onScroll={[Function]}
    onScrollBeginDrag={[Function]}
    onScrollEndDrag={[Function]}
    removeClippedSubviews={false}
    renderItem={[Function]}
    scrollEventThrottle={50}
    showsVerticalScrollIndicator={false}
    stickyHeaderIndices={Array []}
    testID="addressList"
    updateCellsBatchingPeriod={50}
    viewabilityConfigCallbackPairs={Array []}
    windowSize={21}
  >
    <View>
      <View
        onLayout={[Function]}
        style={null}
      >
        <View
          style={
            Object {
              "paddingHorizontal": 20,
              "paddingVertical": 10,
            }
          }
        >
          <View
            style={
              Object {
                "alignItems": "center",
                "flexDirection": "row",
              }
            }
          >
            <Image
              source={1}
              style={
                Object {
                  "height": 20,
                  "marginRight": 10,
                  "tintColor": "gray",
                  "width": 20,
                }
              }
            />
            <Text
              style={
                Object {
                  "fontWeight": "bold",
                }
              }
            >
              Home
            </Text>
          </View>
          <Text
            style={
              Object {
                "color": "gray",
                "paddingVertical": 10,
              }
            }
          >
            448 TNV
          </Text>
          <View
            style={
              Object {
                "flexDirection": "row",
                "justifyContent": "space-around",
              }
            }
          >
            <View
              accessible={true}
              focusable={true}
              onClick={[Function]}
              onResponderGrant={[Function]}
              onResponderMove={[Function]}
              onResponderRelease={[Function]}
              onResponderTerminate={[Function]}
              onResponderTerminationRequest={[Function]}
              onStartShouldSetResponder={[Function]}
              style={
                Object {
                  "opacity": 1,
                }
              }
              testID="editBtn"
            >
              <View
                style={
                  Array [
                    Object {
                      "borderRadius": 100,
                      "marginHorizontal": 10,
                    },
                    Object {
                      "borderColor": "red",
                      "borderWidth": 1,
                      "paddingHorizontal": 60,
                      "paddingVertical": 5,
                    },
                    Object {
                      "borderRadius": 5,
                    },
                  ]
                }
              >
                <Text
                  style={
                    Array [
                      Object {
                        "color": "red",
                        "fontSize": 14,
                        "fontWeight": "normal",
                        "textAlign": "center",
                      },
                    ]
                  }
                >
                  EDIT
                </Text>
              </View>
            </View>
            <View
              accessible={true}
              focusable={true}
              onClick={[Function]}
              onResponderGrant={[Function]}
              onResponderMove={[Function]}
              onResponderRelease={[Function]}
              onResponderTerminate={[Function]}
              onResponderTerminationRequest={[Function]}
              onStartShouldSetResponder={[Function]}
              style={
                Object {
                  "opacity": 1,
                }
              }
              testID="deleteBtn"
            >
              <View
                style={
                  Array [
                    Object {
                      "borderRadius": 100,
                      "marginHorizontal": 10,
                    },
                    Object {
                      "borderColor": "red",
                      "borderWidth": 1,
                      "paddingHorizontal": 50,
                      "paddingVertical": 5,
                    },
                    Object {
                      "borderRadius": 5,
                    },
                  ]
                }
              >
                <Text
                  style={
                    Array [
                      Object {
                        "color": "red",
                        "fontSize": 14,
                        "fontWeight": "normal",
                        "textAlign": "center",
                      },
                    ]
                  }
                >
                  DELETE
                </Text>
              </View>
            </View>
          </View>
        </View>
        <View
          style={
            Object {
              "borderBottomColor": "gray",
              "borderBottomWidth": 1,
              "marginHorizontal": 30,
            }
          }
        />
      </View>
      <View
        onLayout={[Function]}
        style={null}
      >
        <View
          style={
            Object {
              "paddingHorizontal": 20,
              "paddingVertical": 10,
            }
          }
        >
          <View
            style={
              Object {
                "alignItems": "center",
                "flexDirection": "row",
              }
            }
          >
            <Image
              source={1}
              style={
                Object {
                  "height": 20,
                  "marginRight": 10,
                  "tintColor": "gray",
                  "width": 20,
                }
              }
            />
            <Text
              style={
                Object {
                  "fontWeight": "bold",
                }
              }
            >
              Work
            </Text>
          </View>
          <Text
            style={
              Object {
                "color": "gray",
                "paddingVertical": 10,
              }
            }
          >
            604 NT
          </Text>
          <View
            style={
              Object {
                "flexDirection": "row",
                "justifyContent": "space-around",
              }
            }
          >
            <View
              accessible={true}
              focusable={true}
              onClick={[Function]}
              onResponderGrant={[Function]}
              onResponderMove={[Function]}
              onResponderRelease={[Function]}
              onResponderTerminate={[Function]}
              onResponderTerminationRequest={[Function]}
              onStartShouldSetResponder={[Function]}
              style={
                Object {
                  "opacity": 1,
                }
              }
              testID="editBtn"
            >
              <View
                style={
                  Array [
                    Object {
                      "borderRadius": 100,
                      "marginHorizontal": 10,
                    },
                    Object {
                      "borderColor": "red",
                      "borderWidth": 1,
                      "paddingHorizontal": 60,
                      "paddingVertical": 5,
                    },
                    Object {
                      "borderRadius": 5,
                    },
                  ]
                }
              >
                <Text
                  style={
                    Array [
                      Object {
                        "color": "red",
                        "fontSize": 14,
                        "fontWeight": "normal",
                        "textAlign": "center",
                      },
                    ]
                  }
                >
                  EDIT
                </Text>
              </View>
            </View>
            <View
              accessible={true}
              focusable={true}
              onClick={[Function]}
              onResponderGrant={[Function]}
              onResponderMove={[Function]}
              onResponderRelease={[Function]}
              onResponderTerminate={[Function]}
              onResponderTerminationRequest={[Function]}
              onStartShouldSetResponder={[Function]}
              style={
                Object {
                  "opacity": 1,
                }
              }
              testID="deleteBtn"
            >
              <View
                style={
                  Array [
                    Object {
                      "borderRadius": 100,
                      "marginHorizontal": 10,
                    },
                    Object {
                      "borderColor": "red",
                      "borderWidth": 1,
                      "paddingHorizontal": 50,
                      "paddingVertical": 5,
                    },
                    Object {
                      "borderRadius": 5,
                    },
                  ]
                }
              >
                <Text
                  style={
                    Array [
                      Object {
                        "color": "red",
                        "fontSize": 14,
                        "fontWeight": "normal",
                        "textAlign": "center",
                      },
                    ]
                  }
                >
                  DELETE
                </Text>
              </View>
            </View>
          </View>
        </View>
      </View>
      <View
        onLayout={[Function]}
      >
        <View
          accessible={true}
          focusable={true}
          onClick={[Function]}
          onResponderGrant={[Function]}
          onResponderMove={[Function]}
          onResponderRelease={[Function]}
          onResponderTerminate={[Function]}
          onResponderTerminationRequest={[Function]}
          onStartShouldSetResponder={[Function]}
          style={
            Object {
              "opacity": 1,
            }
          }
          testID="addBtn"
        >
          <View
            style={
              Array [
                Object {
                  "borderRadius": 100,
                  "marginHorizontal": 10,
                },
                Object {
                  "backgroundColor": "red",
                  "paddingHorizontal": 60,
                  "paddingVertical": 10,
                },
                Object {
                  "borderRadius": 5,
                  "marginTop": 20,
                },
              ]
            }
          >
            <Text
              style={
                Array [
                  Object {
                    "color": "white",
                    "fontSize": 14,
                    "fontWeight": "normal",
                    "textAlign": "center",
                  },
                ]
              }
            >
              ADD NEW
            </Text>
          </View>
        </View>
      </View>
    </View>
  </RCTScrollView>
  <Modal
    animationType="fade"
    hardwareAccelerated={false}
    onRequestClose={[Function]}
    transparent={true}
    visible={false}
  >
    <View
      style={
        Object {
          "backgroundColor": "rgba(0,0,0,0.5)",
          "flex": 1,
          "justifyContent": "flex-end",
        }
      }
    >
      <View
        style={
          Object {
            "backgroundColor": "white",
            "borderTopLeftRadius": 20,
            "borderTopRightRadius": 20,
            "paddingHorizontal": 35,
            "paddingVertical": 20,
          }
        }
      >
        <Text
          style={
            Object {
              "fontSize": 18,
              "fontWeight": "bold",
              "paddingBottom": 20,
            }
          }
        >
          ADD NEW ADDRESS
        </Text>
        <View
          style={
            Array [
              Object {
                "width": "100%",
              },
              Object {
                "zIndex": 5000,
              },
              Object {},
              false,
            ]
          }
        >
          <View
            accessible={true}
            focusable={true}
            forwardedRef={[Function]}
            onClick={[Function]}
            onLayout={[Function]}
            onResponderGrant={[Function]}
            onResponderMove={[Function]}
            onResponderRelease={[Function]}
            onResponderTerminate={[Function]}
            onResponderTerminationRequest={[Function]}
            onStartShouldSetResponder={[Function]}
            style={
              Object {
                "alignItems": "center",
                "backgroundColor": "#fff",
                "borderColor": "#000",
                "borderRadius": 8,
                "borderWidth": 1,
                "flexDirection": "row",
                "justifyContent": "space-between",
                "minHeight": 50,
                "opacity": 1,
                "paddingHorizontal": 10,
                "paddingVertical": 3,
                "width": "100%",
                "zIndex": 5000,
              }
            }
          >
            <Text
              style={
                Array [
                  Object {
                    "color": "#000",
                    "flex": 1,
                  },
                  Object {},
                  false,
                  Object {},
                ]
              }
            >
              Select an item
            </Text>
            <View
              style={
                Array [
                  Object {
                    "marginLeft": 10,
                  },
                  Object {},
                ]
              }
            >
              <Image
                source={1}
                style={
                  Array [
                    Object {
                      "height": 20,
                      "width": 20,
                    },
                    Object {},
                  ]
                }
              />
            </View>
          </View>
        </View>
        <TextInput
          allowFontScaling={true}
          collapsable={false}
          onChangeText={[Function]}
          onGestureHandlerEvent={[Function]}
          onGestureHandlerStateChange={[Function]}
          rejectResponderTermination={true}
          style={
            Object {
              "borderRadius": 5,
              "borderWidth": 0.5,
              "marginTop": 20,
              "paddingHorizontal": 10,
              "paddingVertical": 5,
            }
          }
          underlineColorAndroid="transparent"
          value=""
        />
        <View
          accessible={true}
          focusable={true}
          onClick={[Function]}
          onResponderGrant={[Function]}
          onResponderMove={[Function]}
          onResponderRelease={[Function]}
          onResponderTerminate={[Function]}
          onResponderTerminationRequest={[Function]}
          onStartShouldSetResponder={[Function]}
          style={
            Object {
              "opacity": 1,
            }
          }
          testID="confirmBtn"
        >
          <View
            style={
              Array [
                Object {
                  "borderRadius": 100,
                  "marginHorizontal": 10,
                },
                Object {
                  "backgroundColor": "gray",
                  "paddingHorizontal": 60,
                  "paddingVertical": 10,
                },
                Object {
                  "borderRadius": 5,
                  "marginTop": 20,
                },
              ]
            }
          >
            <Text
              style={
                Array [
                  Object {
                    "color": "white",
                    "fontSize": 14,
                    "fontWeight": "normal",
                    "textAlign": "center",
                  },
                ]
              }
            >
              Confirm
            </Text>
          </View>
        </View>
      </View>
    </View>
  </Modal>
</View>
`;
